00:18:34 [INFO] === 抓取期货 ===
00:18:36 [INFO] 期货 rb(螺纹钢) 30分钟K线 50 根已取
00:18:36 [INFO] 期货 rb(螺纹钢) 2026-07-20 涨-0.51% OI=1814838 流入=-119088万
00:18:38 [INFO] 期货 hc(热轧卷板) 30分钟K线 50 根已取
00:18:38 [INFO] 期货 hc(热轧卷板) 2026-07-20 涨-0.60% OI=1443924 流入=-54595万
00:18:39 [INFO] 期货 i(铁矿石) 30分钟K线 50 根已取
00:18:39 [INFO] 期货 i(铁矿石) 2026-07-20 涨-0.52% OI=496515 流入=-121530万
00:18:40 [INFO] 期货 j(焦炭) 30分钟K线 50 根已取
00:18:40 [INFO] 期货 j(焦炭) 2026-07-20 涨-1.29% OI=62551 流入=75679万
00:18:41 [INFO] 期货 jm(焦煤) 30分钟K线 50 根已取
00:18:41 [INFO] 期货 jm(焦煤) 2026-07-20 涨0.91% OI=407787 流入=-18653万
00:18:42 [INFO] 期货 fu(燃油) 30分钟K线 50 根已取
00:18:42 [INFO] 期货 fu(燃油) 2026-07-20 涨5.89% OI=229746 流入=27172万
00:18:44 [INFO] 期货 bu(沥青) 30分钟K线 50 根已取
00:18:44 [INFO] 期货 bu(沥青) 2026-07-20 涨4.15% OI=268340 流入=-18988万
00:18:45 [INFO] 期货 ru(橡胶) 30分钟K线 50 根已取
00:18:45 [INFO] 期货 ru(橡胶) 2026-07-20 涨1.07% OI=108642 流入=-65324万
00:18:46 [INFO] 期货 nr(20号胶) 30分钟K线 50 根已取
00:18:46 [INFO] 期货 nr(20号胶) 2026-07-20 涨0.99% OI=53187 流入=1163万
00:18:47 [INFO] 期货 ss(不锈钢) 30分钟K线 50 根已取
00:18:47 [INFO] 期货 ss(不锈钢) 2026-07-20 涨0.20% OI=101214 流入=10254万
00:18:48 [INFO] 期货 sn(锡) 30分钟K线 50 根已取
00:18:48 [INFO] 期货 sn(锡) 2026-07-20 涨2.11% OI=31622 流入=-64182万
00:18:49 [INFO] 期货 cu(铜) 30分钟K线 50 根已取
00:18:49 [INFO] 期货 cu(铜) 2026-07-20 涨0.41% OI=190685 流入=548115万
00:18:51 [INFO] 期货 al(铝) 30分钟K线 50 根已取
00:18:51 [INFO] 期货 al(铝) 2026-07-20 涨-0.78% OI=261373 流入=217790万
00:18:52 [INFO] 期货 zn(锌) 30分钟K线 50 根已取
00:18:52 [INFO] 期货 zn(锌) 2026-07-20 涨-0.41% OI=97218 流入=22050万
00:18:53 [INFO] 期货 pb(铅) 30分钟K线 50 根已取
00:18:53 [INFO] 期货 pb(铅) 2026-07-20 涨-0.41% OI=114495 流入=1036万
00:18:54 [INFO] 期货 ni(镍) 30分钟K线 50 根已取
00:18:54 [INFO] 期货 ni(镍) 2026-07-20 涨0.80% OI=220933 流入=-86371万
00:18:55 [INFO] 期货 ao(氧化铝) 30分钟K线 50 根已取
00:18:55 [INFO] 期货 ao(氧化铝) 2026-07-20 涨2.03% OI=331129 流入=-298458万
00:18:56 [INFO] 期货 ag(白银) 30分钟K线 50 根已取
00:18:56 [INFO] 期货 ag(白银) 2026-07-20 涨1.54% OI=210628 流入=244212万
00:18:57 [INFO] 期货 au(黄金) 30分钟K线 50 根已取
00:18:57 [INFO] 期货 au(黄金) 2026-07-20 涨0.05% OI=117065 流入=307788万
00:18:58 [INFO] 期货 sp(纸浆) 30分钟K线 50 根已取
00:18:58 [INFO] 期货 sp(纸浆) 2026-07-20 涨1.99% OI=258546 流入=-80802万
00:18:59 [INFO] 期货 bc(国际铜) 30分钟K线 50 根已取
00:18:59 [INFO] 期货 bc(国际铜) 2026-07-20 涨0.45% OI=9716 流入=-16518万
00:19:00 [INFO] 期货 lu(低硫燃油) 30分钟K线 50 根已取
00:19:00 [INFO] 期货 lu(低硫燃油) 2026-07-20 涨6.36% OI=82228 流入=34703万
00:19:01 [INFO] 期货 sc(原油) 30分钟K线 50 根已取
00:19:01 [INFO] 期货 sc(原油) 2026-07-20 涨7.42% OI=48527 流入=101399万
00:19:03 [INFO] 期货 c(玉米) 30分钟K线 50 根已取
00:19:03 [INFO] 期货 c(玉米) 2026-07-20 涨-0.57% OI=981708 流入=3625万
00:19:04 [INFO] 期货 cs(淀粉) 30分钟K线 50 根已取
00:19:04 [INFO] 期货 cs(淀粉) 2026-07-20 涨-0.30% OI=220289 流入=-6611万
00:19:05 [INFO] 期货 a(豆一) 30分钟K线 50 根已取
00:19:05 [INFO] 期货 a(豆一) 2026-07-20 涨0.34% OI=275385 流入=-41539万
00:19:06 [INFO] 期货 m(豆粕) 30分钟K线 50 根已取
00:19:06 [INFO] 期货 m(豆粕) 2026-07-20 涨2.22% OI=2000469 流入=179655万
00:19:08 [INFO] 期货 y(豆油) 30分钟K线 50 根已取
00:19:08 [INFO] 期货 y(豆油) 2026-07-20 涨0.75% OI=509318 流入=-148995万
00:19:09 [INFO] 期货 p(棕榈油) 30分钟K线 50 根已取
00:19:09 [INFO] 期货 p(棕榈油) 2026-07-20 涨1.70% OI=440227 流入=-310372万
00:19:10 [INFO] 期货 rm(菜粕) 30分钟K线 50 根已取
00:19:10 [INFO] 期货 rm(菜粕) 2026-07-20 涨2.06% OI=691041 流入=-40345万
00:19:11 [INFO] 期货 oi(菜油) 30分钟K线 50 根已取
00:19:11 [INFO] 期货 oi(菜油) 2026-07-20 涨1.15% OI=351566 流入=51637万
00:19:13 [INFO] 期货 l(塑料) 30分钟K线 50 根已取
00:19:13 [INFO] 期货 l(塑料) 2026-07-20 涨4.23% OI=350627 流入=-109231万
00:19:14 [INFO] 期货 v(PVC) 30分钟K线 50 根已取
00:19:14 [INFO] 期货 v(PVC) 2026-07-20 涨6.15% OI=1035544 流入=-221982万
00:19:15 [INFO] 期货 pp(聚丙烯) 30分钟K线 50 根已取
00:19:15 [INFO] 期货 pp(聚丙烯) 2026-07-20 涨5.20% OI=469323 流入=-102978万
00:19:16 [INFO] 期货 eb(苯乙烯) 30分钟K线 50 根已取
00:19:16 [INFO] 期货 eb(苯乙烯) 2026-07-20 涨4.32% OI=181176 流入=238339万
00:19:18 [INFO] 期货 eg(乙二醇) 30分钟K线 50 根已取
00:19:18 [INFO] 期货 eg(乙二醇) 2026-07-20 涨3.73% OI=323169 流入=-29098万
00:19:19 [INFO] 期货 pg(LPG) 30分钟K线 50 根已取
00:19:19 [INFO] 期货 pg(LPG) 2026-07-20 涨11.31% OI=68231 流入=442610万
00:19:20 [INFO] 期货 ta(PTA) 30分钟K线 50 根已取
00:19:20 [INFO] 期货 ta(PTA) 2026-07-20 涨3.51% OI=942801 流入=-2421万
00:19:21 [INFO] 期货 ma(甲醇) 30分钟K线 50 根已取
00:19:21 [INFO] 期货 ma(甲醇) 2026-07-20 涨6.54% OI=661579 流入=18773万
00:19:23 [INFO] 期货 sa(纯碱) 30分钟K线 50 根已取
00:19:23 [INFO] 期货 sa(纯碱) 2026-07-20 涨-0.10% OI=1412372 流入=-74891万
00:19:24 [INFO] 期货 fg(玻璃) 30分钟K线 50 根已取
00:19:24 [INFO] 期货 fg(玻璃) 2026-07-20 涨-1.11% OI=2059684 流入=-61164万
00:19:25 [INFO] 期货 sr(白糖) 30分钟K线 50 根已取
00:19:25 [INFO] 期货 sr(白糖) 2026-07-20 涨0.64% OI=736762 流入=-147299万
00:19:26 [INFO] 期货 cf(棉花) 30分钟K线 50 根已取
00:19:26 [INFO] 期货 cf(棉花) 2026-07-20 涨1.11% OI=428288 流入=-196785万
00:19:27 [INFO] 期货 ap(苹果) 30分钟K线 50 根已取
00:19:27 [INFO] 期货 ap(苹果) 2026-07-20 涨-0.67% OI=104152 流入=5833万
00:19:28 [INFO] 期货 cj(红枣) 30分钟K线 50 根已取
00:19:28 [INFO] 期货 cj(红枣) 2026-07-20 涨-0.06% OI=165639 流入=-13318万
00:19:30 [INFO] 期货 sf(硅铁) 30分钟K线 50 根已取
00:19:30 [INFO] 期货 sf(硅铁) 2026-07-20 涨-0.03% OI=214222 流入=-5106万
00:19:31 [INFO] 期货 sm(锰硅) 30分钟K线 50 根已取
00:19:31 [INFO] 期货 sm(锰硅) 2026-07-20 涨-0.34% OI=437473 流入=-13121万
00:19:32 [INFO] 期货 ur(尿素) 30分钟K线 50 根已取
00:19:32 [INFO] 期货 ur(尿素) 2026-07-20 涨1.96% OI=291007 流入=-131762万
00:19:33 [INFO] 期货 pk(花生) 30分钟K线 50 根已取
00:19:33 [INFO] 期货 pk(花生) 2026-07-20 涨-0.68% OI=172940 流入=18408万
00:19:34 [INFO] 期货 if(沪深300) 30分钟K线 50 根已取
00:19:34 [INFO] 期货 if(沪深300) 2026-07-20 涨1.61% OI=167899 流入=-850292万
00:19:35 [INFO] 期货 ic(中证500) 30分钟K线 50 根已取
00:19:35 [INFO] 期货 ic(中证500) 2026-07-20 涨-1.17% OI=204571 流入=159188万
00:19:36 [INFO] 期货 ih(上证50) 30分钟K线 50 根已取
00:19:36 [INFO] 期货 ih(上证50) 2026-07-20 涨2.77% OI=77528 流入=102688万
00:19:37 [INFO] 期货 im(中证1000) 30分钟K线 50 根已取
00:19:37 [INFO] 期货 im(中证1000) 2026-07-20 涨-3.05% OI=274654 流入=192068万
00:19:37 [INFO] 期货 si(工业硅) 30分钟K线 50 根已取
00:19:37 [INFO] 期货 si(工业硅) 2026-07-20 涨-0.60% OI=255859 流入=42500万
00:19:38 [INFO] 期货 lc(碳酸锂) 30分钟K线 50 根已取
00:19:38 [INFO] 期货 lc(碳酸锂) 2026-07-20 涨-4.16% OI=379802 流入=-74943万
00:19:38 [INFO] 调用本地大模型对所有 55 个品种进行缠论分析...
